// Jest Snapshot v1, https://goo.gl/fbAQLP

exports[`should render correctly 1`] = `
<div
  className="Button "
  role="button"
  tabIndex={0}
>
  Text
</div>
`;
